{ 0x10000, 0x16FDF },
{ 0x16FE5, 0x16FEF },
{ 0x16FF2, 0x16FFF },
{ 0x187F8, 0x187FF },
{ 0x18CD6, 0x18CFE },
{ 0x18D09, 0x1AFEF },
{ 0x1AFF4, 0x1AFF4 },
{ 0x1AFFC, 0x1AFFC },
{ 0x1AFFF, 0x1AFFF },
{ 0x1B123, 0x1B131 },
{ 0x1B133, 0x1B14F },
{ 0x1B153, 0x1B154 },
{ 0x1B156, 0x1B163 },
{ 0x1B168, 0x1B16F },
{ 0x1B2FC, 0x1D2FF },
{ 0x1D357, 0x1D35F },
{ 0x1D377, 0x1F003 },
{ 0x1F005, 0x1F0CE },
{ 0x1F0D0, 0x1F0FF },
{ 0x1F10B, 0x1F10F },
{ 0x1F12E, 0x1F12F },
{ 0x1F16A, 0x1F16F },
{ 0x1F1AD, 0x1F1FF },
{ 0x1F203, 0x1F20F },
{ 0x1F23C, 0x1F23F },
{ 0x1F249, 0x1F24F },
{ 0x1F252, 0x1F25F },
{ 0x1F266, 0x1F2FF },
{ 0x1F321, 0x1F32C },
{ 0x1F336, 0x1F336 },
{ 0x1F37D, 0x1F37D },
{ 0x1F394, 0x1F39F },
{ 0x1F3CB, 0x1F3CE },
{ 0x1F3D4, 0x1F3DF },
{ 0x1F3F1, 0x1F3F3 },
{ 0x1F3F5, 0x1F3F7 },
{ 0x1F43F, 0x1F43F },
{ 0x1F441, 0x1F441 },
{ 0x1F4FD, 0x1F4FE },
{ 0x1F53E, 0x1F54A },
{ 0x1F54F, 0x1F54F },
{ 0x1F568, 0x1F579 },
{ 0x1F57B, 0x1F594 },
{ 0x1F597, 0x1F5A3 },
{ 0x1F5A5, 0x1F5FA },
{ 0x1F650, 0x1F67F },
{ 0x1F6C6, 0x1F6CB },
{ 0x1F6CD, 0x1F6CF },
{ 0x1F6D3, 0x1F6D4 },
{ 0x1F6D8, 0x1F6DB },
{ 0x1F6E0, 0x1F6EA },
{ 0x1F6ED, 0x1F6F3 },
{ 0x1F6FD, 0x1F7DF },
{ 0x1F7EC, 0x1F7EF },
{ 0x1F7F1, 0x1F90B },
{ 0x1F93B, 0x1F93B },
{ 0x1F946, 0x1F946 },
{ 0x1FA00, 0x1FA6F },
{ 0x1FA7D, 0x1FA7F },
{ 0x1FA8A, 0x1FA8E },
{ 0x1FAC7, 0x1FACD },
{ 0x1FADD, 0x1FADE },
{ 0x1FAEA, 0x1FAEF },
{ 0x1FAF9, 0x1FFFF },
{ 0x2FFFE, 0x2FFFF },
{ 0x3FFFE, 0xE00FF },
{ 0xE01F0, 0xEFFFF },
{ 0xFFFFE, 0xFFFFF },
{ 0x10FFFE, 0x10FFFF },
