{ 0x01C5, 0x01C5 },
{ 0x01C8, 0x01C8 },
{ 0x01CB, 0x01CB },
{ 0x01F2, 0x01F2 },
{ 0x1F88, 0x1F8F },
{ 0x1F98, 0x1F9F },
{ 0x1FA8, 0x1FAF },
{ 0x1FBC, 0x1FBC },
{ 0x1FCC, 0x1FCC },
{ 0x1FFC, 0x1FFC },
