{ 0x005F, 0x005F },
{ 0x203F, 0x2040 },
{ 0x2054, 0x2054 },
{ 0xFE33, 0xFE34 },
{ 0xFE4D, 0xFE4F },
{ 0xFF3F, 0xFF3F },
