{ 0x002D, 0x002D },
{ 0x058A, 0x058A },
{ 0x05BE, 0x05BE },
{ 0x1400, 0x1400 },
{ 0x1806, 0x1806 },
{ 0x2010, 0x2015 },
{ 0x2E17, 0x2E17 },
{ 0x2E1A, 0x2E1A },
{ 0x2E3A, 0x2E3B },
{ 0x2E40, 0x2E40 },
{ 0x2E5D, 0x2E5D },
{ 0x301C, 0x301C },
{ 0x3030, 0x3030 },
{ 0x30A0, 0x30A0 },
{ 0xFE31, 0xFE32 },
{ 0xFE58, 0xFE58 },
{ 0xFE63, 0xFE63 },
{ 0xFF0D, 0xFF0D },
{ 0x10D6E, 0x10D6E },
{ 0x10EAD, 0x10EAD },
