{ 0x005E, 0x005E },
{ 0x0060, 0x0060 },
{ 0x00A8, 0x00A8 },
{ 0x00AF, 0x00AF },
{ 0x00B4, 0x00B4 },
{ 0x00B8, 0x00B8 },
{ 0x02C2, 0x02C5 },
{ 0x02D2, 0x02DF },
{ 0x02E5, 0x02EB },
{ 0x02ED, 0x02ED },
{ 0x02EF, 0x02FF },
{ 0x0375, 0x0375 },
{ 0x0384, 0x0385 },
{ 0x0888, 0x0888 },
{ 0x1FBD, 0x1FBD },
{ 0x1FBF, 0x1FC1 },
{ 0x1FCD, 0x1FCF },
{ 0x1FDD, 0x1FDF },
{ 0x1FED, 0x1FEF },
{ 0x1FFD, 0x1FFE },
{ 0x309B, 0x309C },
{ 0xA700, 0xA716 },
{ 0xA720, 0xA721 },
{ 0xA789, 0xA78A },
{ 0xAB5B, 0xAB5B },
{ 0xAB6A, 0xAB6B },
{ 0xFBB2, 0xFBC2 },
{ 0xFF3E, 0xFF3E },
{ 0xFF40, 0xFF40 },
{ 0xFFE3, 0xFFE3 },
{ 0x1F3FB, 0x1F3FF },
