{ 0x0024, 0x0024 },
{ 0x00A2, 0x00A5 },
{ 0x058F, 0x058F },
{ 0x060B, 0x060B },
{ 0x07FE, 0x07FF },
{ 0x09F2, 0x09F3 },
{ 0x09FB, 0x09FB },
{ 0x0AF1, 0x0AF1 },
{ 0x0BF9, 0x0BF9 },
{ 0x0E3F, 0x0E3F },
{ 0x17DB, 0x17DB },
{ 0x20A0, 0x20C0 },
{ 0xA838, 0xA838 },
{ 0xFDFC, 0xFDFC },
{ 0xFE69, 0xFE69 },
{ 0xFF04, 0xFF04 },
{ 0xFFE0, 0xFFE1 },
{ 0xFFE5, 0xFFE6 },
{ 0x11FDD, 0x11FE0 },
{ 0x1E2FF, 0x1E2FF },
{ 0x1ECB0, 0x1ECB0 },
