{ 0x3000, 0x3000 },
{ 0xFF01, 0xFF60 },
{ 0xFFE0, 0xFFE6 },
