{ 0x20A9, 0x20A9 },
{ 0xFF61, 0xFFBE },
{ 0xFFC2, 0xFFC7 },
{ 0xFFCA, 0xFFCF },
{ 0xFFD2, 0xFFD7 },
{ 0xFFDA, 0xFFDC },
{ 0xFFE8, 0xFFEE },
