{ 0x0020, 0x007E },
{ 0x00A2, 0x00A3 },
{ 0x00A5, 0x00A6 },
{ 0x00AC, 0x00AC },
{ 0x00AF, 0x00AF },
{ 0x27E6, 0x27ED },
{ 0x2985, 0x2986 },
