{ 0xE000, 0xF8FF },
{ 0xF0000, 0xFFFFD },
{ 0x100000, 0x10FFFD },