{ 0x0000, 0x001F },
{ 0x007F, 0x00A0 },
{ 0x00A9, 0x00A9 },
{ 0x00AB, 0x00AB },
{ 0x00B5, 0x00B5 },
{ 0x00BB, 0x00BB },
{ 0x00C0, 0x00C5 },
{ 0x00C7, 0x00CF },
{ 0x00D1, 0x00D6 },
{ 0x00D9, 0x00DD },
{ 0x00E2, 0x00E5 },
{ 0x00E7, 0x00E7 },
{ 0x00EB, 0x00EB },
{ 0x00EE, 0x00EF },
{ 0x00F1, 0x00F1 },
{ 0x00F4, 0x00F6 },
{ 0x00FB, 0x00FB },
{ 0x00FD, 0x00FD },
{ 0x00FF, 0x0100 },
{ 0x0102, 0x0110 },
{ 0x0112, 0x0112 },
{ 0x0114, 0x011A },
{ 0x011C, 0x0125 },
{ 0x0128, 0x012A },
{ 0x012C, 0x0130 },
{ 0x0134, 0x0137 },
{ 0x0139, 0x013E },
{ 0x0143, 0x0143 },
{ 0x0145, 0x0147 },
{ 0x014C, 0x014C },
{ 0x014E, 0x0151 },
{ 0x0154, 0x0165 },
{ 0x0168, 0x016A },
{ 0x016C, 0x01CD },
{ 0x01CF, 0x01CF },
{ 0x01D1, 0x01D1 },
{ 0x01D3, 0x01D3 },
{ 0x01D5, 0x01D5 },
{ 0x01D7, 0x01D7 },
{ 0x01D9, 0x01D9 },
{ 0x01DB, 0x01DB },
{ 0x01DD, 0x0250 },
{ 0x0252, 0x0260 },
{ 0x0262, 0x02C3 },
{ 0x02C5, 0x02C6 },
{ 0x02C8, 0x02C8 },
{ 0x02CC, 0x02CC },
{ 0x02CE, 0x02CF },
{ 0x02D1, 0x02D7 },
{ 0x02DC, 0x02DC },
{ 0x02DE, 0x02DE },
{ 0x02E0, 0x02FF },
{ 0x0370, 0x0390 },
{ 0x03A2, 0x03A2 },
{ 0x03AA, 0x03B0 },
{ 0x03C2, 0x03C2 },
{ 0x03CA, 0x0400 },
{ 0x0402, 0x040F },
{ 0x0450, 0x0450 },
{ 0x0452, 0x10FF },
{ 0x1160, 0x200F },
{ 0x2011, 0x2012 },
{ 0x2017, 0x2017 },
{ 0x201A, 0x201B },
{ 0x201E, 0x201F },
{ 0x2023, 0x2023 },
{ 0x2028, 0x202F },
{ 0x2031, 0x2031 },
{ 0x2034, 0x2034 },
{ 0x2036, 0x203A },
{ 0x203C, 0x203D },
{ 0x203F, 0x2073 },
{ 0x2075, 0x207E },
{ 0x2080, 0x2080 },
{ 0x2085, 0x20A8 },
{ 0x20AA, 0x20AB },
{ 0x20AD, 0x2102 },
{ 0x2104, 0x2104 },
{ 0x2106, 0x2108 },
{ 0x210A, 0x2112 },
{ 0x2114, 0x2115 },
{ 0x2117, 0x2120 },
{ 0x2123, 0x2125 },
{ 0x2127, 0x212A },
{ 0x212C, 0x2152 },
{ 0x2155, 0x215A },
{ 0x215F, 0x215F },
{ 0x216C, 0x216F },
{ 0x217A, 0x2188 },
{ 0x218A, 0x218F },
{ 0x219A, 0x21B7 },
{ 0x21BA, 0x21D1 },
{ 0x21D3, 0x21D3 },
{ 0x21D5, 0x21E6 },
{ 0x21E8, 0x21FF },
{ 0x2201, 0x2201 },
{ 0x2204, 0x2206 },
{ 0x2209, 0x220A },
{ 0x220C, 0x220E },
{ 0x2210, 0x2210 },
{ 0x2212, 0x2214 },
{ 0x2216, 0x2219 },
{ 0x221B, 0x221C },
{ 0x2221, 0x2222 },
{ 0x2224, 0x2224 },
{ 0x2226, 0x2226 },
{ 0x222D, 0x222D },
{ 0x222F, 0x2233 },
{ 0x2238, 0x223B },
{ 0x223E, 0x2247 },
{ 0x2249, 0x224B },
{ 0x224D, 0x2251 },
{ 0x2253, 0x225F },
{ 0x2262, 0x2263 },
{ 0x2268, 0x2269 },
{ 0x226C, 0x226D },
{ 0x2270, 0x2281 },
{ 0x2284, 0x2285 },
{ 0x2288, 0x2294 },
{ 0x2296, 0x2298 },
{ 0x229A, 0x22A4 },
{ 0x22A6, 0x22BE },
{ 0x22C0, 0x2311 },
{ 0x2313, 0x2319 },
{ 0x231C, 0x2328 },
{ 0x232B, 0x23E8 },
{ 0x23ED, 0x23EF },
{ 0x23F1, 0x23F2 },
{ 0x23F4, 0x245F },
{ 0x24EA, 0x24EA },
{ 0x254C, 0x254F },
{ 0x2574, 0x257F },
{ 0x2590, 0x2591 },
{ 0x2596, 0x259F },
{ 0x25A2, 0x25A2 },
{ 0x25AA, 0x25B1 },
{ 0x25B4, 0x25B5 },
{ 0x25B8, 0x25BB },
{ 0x25BE, 0x25BF },
{ 0x25C2, 0x25C5 },
{ 0x25C9, 0x25CA },
{ 0x25CC, 0x25CD },
{ 0x25D2, 0x25E1 },
{ 0x25E6, 0x25EE },
{ 0x25F0, 0x25FC },
{ 0x25FF, 0x2604 },
{ 0x2607, 0x2608 },
{ 0x260A, 0x260D },
{ 0x2610, 0x2613 },
{ 0x2616, 0x261B },
{ 0x261D, 0x261D },
{ 0x261F, 0x262F },
{ 0x2638, 0x263F },
{ 0x2641, 0x2641 },
{ 0x2643, 0x2647 },
{ 0x2654, 0x265F },
{ 0x2662, 0x2662 },
{ 0x2666, 0x2666 },
{ 0x266B, 0x266B },
{ 0x266E, 0x266E },
{ 0x2670, 0x267E },
{ 0x2680, 0x2689 },
{ 0x2690, 0x2692 },
{ 0x2694, 0x269D },
{ 0x26A0, 0x26A0 },
{ 0x26A2, 0x26A9 },
{ 0x26AC, 0x26BC },
{ 0x26C0, 0x26C3 },
{ 0x26E2, 0x26E2 },
{ 0x26E4, 0x26E7 },
{ 0x2700, 0x2704 },
{ 0x2706, 0x2709 },
{ 0x270C, 0x2727 },
{ 0x2729, 0x273C },
{ 0x273E, 0x274B },
{ 0x274D, 0x274D },
{ 0x274F, 0x2752 },
{ 0x2756, 0x2756 },
{ 0x2758, 0x2775 },
{ 0x2780, 0x2794 },
{ 0x2798, 0x27AF },
{ 0x27B1, 0x27BE },
{ 0x27C0, 0x27E5 },
{ 0x27EE, 0x2984 },
{ 0x2987, 0x2B1A },
{ 0x2B1D, 0x2B4F },
{ 0x2B51, 0x2B54 },
{ 0x2B5A, 0x2E7F },
{ 0x2E9A, 0x2E9A },
{ 0x2EF4, 0x2EFF },
{ 0x2FD6, 0x2FEF },
{ 0x303F, 0x3040 },
{ 0x3097, 0x3098 },
{ 0x3100, 0x3104 },
{ 0x3130, 0x3130 },
{ 0x318F, 0x318F },
{ 0x31E6, 0x31EE },
{ 0x321F, 0x321F },
{ 0xA48D, 0xA48F },
{ 0xA4C7, 0xA95F },
{ 0xA97D, 0xABFF },
{ 0xD7A4, 0xDFFF },
{ 0xFB00, 0xFDFF },
{ 0xFE1A, 0xFE2F },
{ 0xFE53, 0xFE53 },
{ 0xFE67, 0xFE67 },
{ 0xFE6C, 0xFF00 },
{ 0xFFBF, 0xFFC1 },
{ 0xFFC8, 0xFFC9 },
{ 0xFFD0, 0xFFD1 },
{ 0xFFD8, 0xFFD9 },
{ 0xFFDD, 0xFFDF },
{ 0xFFE7, 0xFFE7 },
{ 0xFFEF, 0xFFFC },
{ 0xFFFE, 0xFFFF },